
> kportfolio@0.0.1 build
> tsc -b && vite build

src/components/skiperui41.tsx(5,8): error TS6133: 'React' is declared but its value is never read.
src/components/ui/scroll-area.tsx(1,1): error TS6133: 'React' is declared but its value is never read.
src/hooks/use-toast.ts(3,53): error TS2307: Cannot find module '@/components/ui/toast' or its corresponding type declarations.
